I'm sorry, but errors were detected in your script. Please correct the
errors listed below, and try again.


File "game/script.rpy", line 716: expected statement.
    score = 100({correct_answer}/ {questions})
          ^

Ren'Py Version: Ren'Py 8.3.7.25031702
Fri Jun 27 00:10:25 2025
